// Jest Snapshot v1, https://goo.gl/fbAQLP

exports[`Components different components should render  Listable countrywithout error 1`] = `
Array [
  <React.Fragment>
    <ToastContainer
      autoClose={5000}
      closeButton={[Function]}
      closeOnClick={true}
      draggable={true}
      draggableDirection="x"
      draggablePercent={80}
      hideProgressBar={false}
      newestOnTop={false}
      pauseOnFocusLoss={true}
      pauseOnHover={true}
      position="top-right"
      role="alert"
      rtl={false}
      theme="light"
      transition={[Function]}
    />
    <div
      className="grid-col-3 m-top-32"
    />
  </React.Fragment>,
]
`;

exports[`Components different components should render  Mobile Menu without error 1`] = `
Array [
  <div
    className="mobile"
  >
    <div
      className="model-header mobile"
    >
      <span>
        Where in the world?
      </span>
      <span
        className="flex-wrap"
      >
        <span
          className="margin-right-32"
        >
           
          <Sun />
        </span>
        <label>
          Light Mode
        </label>
      </span>
    </div>
    <div
      className="start"
    >
      <ArrowLeft />
      <span>
        Back
      </span>
    </div>
  </div>,
]
`;

exports[`Components different components should render  SideMenu without error 1`] = `
Array [
  <div
    className="sidebar desktop"
  >
    <ul
      className="side-menu padding-32"
    >
      <li>
        <Link
          className="menu-item"
          style={
            Object {
              "color": undefined,
            }
          }
          to="/checkList"
        >
          CheckList
        </Link>
      </li>
      <li>
        <Link
          className="menu-item"
          style={
            Object {
              "color": undefined,
            }
          }
          to="/my-list"
        >
          My List
        </Link>
      </li>
      <li>
        <Link
          className="menu-item"
          style={
            Object {
              "color": undefined,
            }
          }
          to="/visited"
        >
          Visited
        </Link>
      </li>
      <li>
        <Link
          className="menu-item"
          style={
            Object {
              "color": undefined,
            }
          }
          to="/toVisit"
        >
          To Visit
        </Link>
      </li>
    </ul>
  </div>,
]
`;

exports[`Components different components should render country filter component without error 1`] = `
Array [
  <div
    className="flex-wrap"
  >
    <div
      className="grid-col-2"
    >
      <span
        style={
          Object {
            "alignSelf": "center",
            "width": "24px",
          }
        }
      >
         
        <SearchIcon />
         
      </span>
      <input
        placeholder="Search for A Country"
        text="name"
        type="text"
      />
    </div>
    <div>
      <select>
        <option>
          Filter by region
        </option>
        <option>
          Africa
        </option>
        <option
          value="Americas"
        >
          America
        </option>
        <option>
          Europe
        </option>
        <option>
          Asia
        </option>
        <option>
          Oceania
        </option>
      </select>
    </div>
  </div>,
]
`;
